# Professor Oak's Laboratory
# Map description file

[header]
id|oak_lab
width|13
height|14
background|assets/tilesets/pallet_town/maps/oak_lab.png
background_overlay|assets/tilesets/pallet_town/maps/oak_lab_overlay.png

[tiles]
#############
#############
.............
#............
###.....###..
.##..........
.............
.............
#####...#####
.............
.............
.............
#...........#
######d######

[warps]
# Format: fromX|fromY|targetMapId|targetX|targetY
6|13|pallet_town|16|14

[encounters]

[npcs]
# Format: id|name|type|x|y|facing|sightRange|dialogue|party
# Dialogue stages separated by @@, each can have flag? prefix
prof_oak|Prof. Oak|questGiver|6|3|down|0|has_starter?How is your creature doing?;Take good care of it!@@Hello there! Welcome to the world of creatures!;I am Professor Oak.;People call me the creature professor.;Here, choose a creature from the table!|
pokeball_1|Pokeball|normal|8|4|down|0|has_starter?The Pokeball is empty.@@Bulbulum, the classical creature.;It manipulates classical forces with ease.|
pokeball_2|Pokeball|normal|9|4|down|0|has_starter?The Pokeball is empty.@@Newtonion, the classical creature.;A master of Newtonian mechanics.|
pokeball_3|Pokeball|normal|10|4|down|0|has_starter?The Pokeball is empty.@@Gravitonion, the quantum creature.;It bends gravity to its will.|
