# Professor Bart Iver's Laboratory
# Map description file

[header]
id|bart_iver_lab
width|13
height|14
background|assets/tilesets/pallet_town/maps/bart_iver_lab.png
background_overlay|assets/tilesets/pallet_town/maps/bart_iver_lab_overlay.png

[tiles]
#############
#############
.............
#............
###.....###..
.##..........
.............
.............
#####...#####
.............
.............
.............
#...........#
######d######

[warps]
# Format: fromX|fromY|targetMapId|targetX|targetY
6|13|pallet_town|16|14

[encounters]

[npcs]
# Format: id|name|type|x|y|facing|sightRange|dialogue|sprite|party
# Dialogue stages separated by @@, each can have flag? prefix
prof_bart_iver|Prof. Bart Iver|questGiver|6|3|down|0|has_starter?Did you get it yet?; Go to the faculty and retrieve it.; I will tell you more then.@@Come on, choose a Daemon!|bart_iver|

pokeball_1|Pokeball|normal|8|4|down|0|has_starter?The Pokeball is empty.@@Bulbulum, the classical Daemon.;It manipulates classical forces with ease.|-|
pokeball_2|Pokeball|normal|9|4|down|0|has_starter?The Pokeball is empty.@@Newtonion, placeholder.|-|
pokeball_3|Pokeball|normal|10|4|down|0|has_starter?The Pokeball is empty.@@Gravitonion, placeholder.|-|
