# Pallet Town - Overworld
# Map description file
# Sections: [header], [tiles], [warps], [encounters]

[header]
id|pallet_town
width|24
height|20
background|assets/tilesets/pallet_town/maps/overworld.png
background_overlay|assets/tilesets/pallet_town/maps/overworld_overlay.png

# Tile type grid (one char per tile, row by row)
# Legend:
#   .  = grass (walkable)
#   T  = tallGrass (encounters)
#   w  = water (impassable)
#   p  = path (walkable)
#   #  = wall/building (impassable)
#   d  = door (walkable, triggers warp)
#   m  = mountain (impassable)
#   s  = sand (walkable)
#   ^  = ledgeUp
#   v  = ledgeDown
#   <  = ledgeLeft
#   >  = ledgeRight
[tiles]
############dd##########
############..##########
##....................##
##....................##
##...#####....#####...##
##...#####....#####...##
##...#####....#####...##
##..##d###...##d###...##
##....................##
##....................##
##...........#######..##
##...#####...#######..##
##...........#######..##
##...........###d###..##
##...#................##
##....................##
##...........######...##
##.....wwww...........##
##.....wwww...........##
##.....wwww...........##

[warps]
# Format: fromX|fromY|targetMapId|targetX|targetY
6|7|player_house_1f|4|8
15|7|neighbor_house_1f|4|8
16|13|bart_iver_lab|6|12
12|0|route_1|12|38
13|0|route_1|13|38

[encounters]
# Format: speciesId|minLevel|maxLevel|weight
10|2|4|55
13|2|5|45

[npcs]
# Format: id|name|type|x|y|facing|sightRange|dialogue|sprite|party
# Dialogue stages separated by @@, each can have flag? prefix
pallet_girl|Girl|normal|10|9|down|0|Hi there! Welcome to the student village.;Not much happens here as there have been few students lately.;There is the crazy professors lab though.;I wouldn't go there, the guy is a maniac.;Keeps rambling on about some ancient language.|girl|
pallet_sign|Sign|normal|9|11|down|0|Pallet student accomodation.|@hidden|
pallet_sign_2|You|normal|5|14|down|0|The sign is old and barely readable;It reads: Prof. Bart Iver's research group.;Seems like this area used to be a research facility,;before it got turned into a student village.|@hidden|
pallet_mailbox|You|normal|4|7|down|0|read_mail?There is no new mail.@@Hmm thats weird, there is no schedule.; But there is an unmarked envelope, I probably shouldn't open it.;But fuck it...;Hey, sorry about contacting you via letter.;But nobody must see us talking together.;Come to my lab just around the corner and i will explain.; Huh, that was weird.;I should probably go and find out what he wants.; It sounded important.|@hidden|
