# Pallet Town - Overworld
# Map description file
# Sections: [header], [tiles], [warps], [encounters]

[header]
id|pallet_town
width|24
height|20
background|assets/tilesets/pallet_town/maps/overworld.png
background_overlay|assets/tilesets/pallet_town/maps/overworld_overlay.png

# Tile type grid (one char per tile, row by row)
# Legend:
#   .  = grass (walkable)
#   T  = tallGrass (encounters)
#   w  = water (impassable)
#   p  = path (walkable)
#   #  = wall/building (impassable)
#   d  = door (walkable, triggers warp)
#   m  = mountain (impassable)
#   s  = sand (walkable)
#   ^  = ledgeUp
#   v  = ledgeDown
#   <  = ledgeLeft
#   >  = ledgeRight
[tiles]
############dd##########
############..##########
##....................##
##....................##
##...#####....#####...##
##...#####....#####...##
##...#####....#####...##
##..##d###...##d###...##
##....................##
##....................##
##...........#######..##
##...#####...#######..##
##...........#######..##
##...........###d###..##
##...#................##
##....................##
##...........######...##
##.....wwww...........##
##.....wwww...........##
##.....wwww...........##

[warps]
# Format: fromX|fromY|targetMapId|targetX|targetY
6|7|player_house_1f|4|8
15|7|neighbor_house_1f|4|8
16|13|bart_iver_lab|6|12
12|0|route_1|12|38
13|0|route_1|13|38

[encounters]
# Format: speciesId|minLevel|maxLevel|weight
10|2|4|55
13|2|5|45

[npcs]
# Format: id|name|type|x|y|facing|sightRange|dialogue|sprite|party
# Dialogue stages separated by @@, each can have flag? prefix
pallet_girl|Girl|normal|10|9|down|0|Welcome to the student village.;It's been quiet lately, almost too quiet.;The strangest place left is Bart Iver's old lab.;People say he keeps talking about some ancient language hidden inside Daemons.|girl|
pallet_sign|Sign|normal|9|11|down|0|Pallet Student Accommodation.|@hidden|
pallet_sign_2|You|normal|5|14|down|0|The sign is old and barely readable.;It says: Bart Iver Research Group.;So this whole block used to be faculty property, before it became student housing.|@hidden|
pallet_mailbox|You|normal|4|7|down|0|read_mail?There is no new mail.@@My schedule isn't here.;Just an unmarked envelope.;I should probably ignore this...;\"Sorry for writing instead of speaking.;No one can see us together.;Come to my lab around the corner and I'll explain.\";Bart Iver?;This is strange, but it sounds important.|@hidden|
