# Pallet Town - Overworld
# Map description file
# Sections: [header], [tiles], [warps], [encounters]

[header]
id|route_1
width|24
height|40
background|assets/tilesets/route_1/route_1.png
background_overlay|assets/tilesets/route_1/route_1_overlay.png
music|assets/audio/020 Route 30.mp3

# Tile type grid (one char per tile, row by row)
# Legend:
#   .  = grass (walkable)
#   T  = tallGrass (encounters)
#   w  = water (impassable)
#   p  = path (walkable)
#   #  = wall/building (impassable)
#   d  = door (walkable, triggers warp)
#   m  = mountain (impassable)
#   s  = sand (walkable)
#   ^  = ledgeUp
#   v  = ledgeDown
#   <  = ledgeLeft
#   >  = ledgeRight
[tiles]
##########dddd##########
##########pppp##########
##........pppp........##
##........pppppppppppp##
##......##pppppppppppp##
##......##vvvvvv..pppp##
##......##TTTTTTTTTTTT##
##......##TTTTTTTTTTTT##
##......##TTTTTTTTTTTT##
##......##TTTTTTTTTTTT##
##vvvvvv##TTTTTTTTTTTT##
##......##...ppppppppp##
##...........ppppppppp##
##...........pppTTTTTT##
##..............TTTTTT##
####vvvvvv######TTTTTT##
####......######TTTTTT##
##...........pppTTTTTT##
##...ppppppppppp......##
##...ppppppppppp......##
##vv.vvvv..vvvvvvvvvvv##
##...ppppppppppppppppp##
##...ppppppppppppppppp##
##................pppp##
##..........TTTTTTpppp##
############TTTTTTpppp##
############TTTTTTvvvv##
##..........TTTTTTpppp##
##..........TTTTTTpppp##
##pppppppppppppppppppp##
##pppppppppppppppppppp##
##vvvv...#vvvvvvvvvvvv##
##..TTTTTTTpppp..TTTTT##
##..TTTTTTTpppp..TTTTT##
##TTTTTTT..ppppTTTTT..##
##TTTTTTT...TT.TTTTT..##
############TT##########
############TT##########
############..##########
############dd##########


[warps]
# Format: fromX|fromY|targetMapId|targetX|targetY
12|39|pallet_town|12|1
13|39|pallet_town|13|1

10|0|viridian_town|22|38
11|0|viridian_town|23|38
12|0|viridian_town|24|38
13|0|viridian_town|25|38


[encounters]
# Format: speciesId|minLevel|maxLevel|weight
10|2|4|40
13|2|5|35
16|3|5|25

[npcs]
# Format: id|name|type|x|y|facing|sightRange|dialogue|sprite|party
# Dialogue supports inline stages or dialogue:path to an external .npcdialogue file
route1_trainer1|Field Student|trainer|10|24|up|4|dialogue:assets/data/dialogue/route_1/route1_trainer1.npcdialogue|schoolboy|13:4
